# serializer version: 1
# name: test_health_scheduler_shape
  list([
    'last_cycle_at',
    'last_cycle_summary',
    'running',
    'state',
  ])
# ---
# name: test_health_scheduler_summary_shape_when_present
  list([
    'apps_checked',
    'apps_degraded',
    'apps_healthy',
    'elapsed_ms',
    'llm_agent',
  ])
# ---
# name: test_health_summary_shape
  list([
    'agent_status',
    'error',
    'ok',
    'process_integrity_status',
    'unknown',
    'warning',
  ])
# ---
# name: test_ms_status_json_top_level_shape
  list([
    'note',
    'steps',
  ])
# ---
